-- Using CATKIN_DEVEL_PREFIX: /home/jetchair/Desktop/be/devel
-- Using CMAKE_PREFIX_PATH: /home/jetchair/Desktop/be/devel;/opt/ros/melodic
-- This workspace overlays: /home/jetchair/Desktop/be/devel;/opt/ros/melodic
-- Found PythonInterp: /usr/bin/python2 (found suitable version "2.7.17", minimum required is "2") 
-- Using PYTHON_EXECUTABLE: /usr/bin/python2
-- Using Debian Python package layout
-- Using empy: /usr/bin/empy
-- Using CATKIN_ENABLE_TESTING: ON
-- Call enable_testing()
-- Using CATKIN_TEST_RESULTS_DIR: /home/jetchair/Desktop/be/build/test_results
-- Found gtest sources under '/usr/src/googletest': gtests will be built
-- Found gmock sources under '/usr/src/googletest': gmock will be built
-- Found PythonInterp: /usr/bin/python2 (found version "2.7.17") 
-- Using Python nosetests: /usr/bin/nosetests-2.7
-- catkin 0.7.29
-- BUILD_SHARED_LIBS is on
-- BUILD_SHARED_LIBS is on
-- ~~~~~~~~~~~~~~~~~~~~~~~~~~~~~~~~~~~~~~~~~~~~~~~~~
-- ~~  traversing 9 packages in topological order:
-- ~~  - freenect_launch
-- ~~  - rqt_mypkg
-- ~~  - freenect_camera
-- ~~  - rrt_exploration
-- ~~  - ira_laser_tools
-- ~~  - maps
-- ~~  - jet_main
-- ~~  - jet_nav
-- ~~  - jet_algo
-- ~~~~~~~~~~~~~~~~~~~~~~~~~~~~~~~~~~~~~~~~~~~~~~~~~
-- +++ processing catkin package: 'freenect_launch'
-- ==> add_subdirectory(freenect_launch)
-- +++ processing catkin package: 'rqt_mypkg'
-- ==> add_subdirectory(rqt_tut-main/rqt_mypkg)
-- +++ processing catkin package: 'freenect_camera'
-- ==> add_subdirectory(freenect_camera)
-- Boost version: 1.65.1
-- Found the following Boost libraries:
--   thread
--   chrono
--   system
--   date_time
--   atomic
CMake Warning at /opt/ros/melodic/share/catkin/cmake/catkin_package.cmake:166 (message):
  catkin_package() DEPENDS on 'libfreenect' but neither
  'libfreenect_INCLUDE_DIRS' nor 'libfreenect_LIBRARIES' is defined.
Call Stack (most recent call first):
  /opt/ros/melodic/share/catkin/cmake/catkin_package.cmake:102 (_catkin_package)
  freenect_camera/CMakeLists.txt:54 (catkin_package)


-- +++ processing catkin package: 'rrt_exploration'
-- ==> add_subdirectory(rrt_exploration)
-- Using these message generators: gencpp;geneus;genlisp;gennodejs;genpy
-- rrt_exploration: 1 messages, 0 services
-- +++ processing catkin package: 'ira_laser_tools'
-- ==> add_subdirectory(ira_laser_tools)
-- Using these message generators: gencpp;geneus;genlisp;gennodejs;genpy
-- Boost version: 1.65.1
-- Found the following Boost libraries:
--   system
--   filesystem
--   thread
--   date_time
--   iostreams
--   serialization
--   chrono
--   atomic
--   regex
-- Could NOT find ensenso (missing: ENSENSO_LIBRARY ENSENSO_INCLUDE_DIR) 
** WARNING ** io features related to ensenso will be disabled
-- Could NOT find DAVIDSDK (missing: DAVIDSDK_LIBRARY DAVIDSDK_INCLUDE_DIR) 
** WARNING ** io features related to davidSDK will be disabled
-- Could NOT find DSSDK (missing: _DSSDK_LIBRARIES) 
** WARNING ** io features related to dssdk will be disabled
** WARNING ** io features related to pcap will be disabled
** WARNING ** io features related to png will be disabled
-- The imported target "vtkRenderingPythonTkWidgets" references the file
   "/usr/lib/aarch64-linux-gnu/libvtkRenderingPythonTkWidgets.so"
but this file does not exist.  Possible reasons include:
* The file was deleted, renamed, or moved to another location.
* An install or uninstall procedure did not complete successfully.
* The installation package was faulty and contained
   "/usr/lib/cmake/vtk-6.3/VTKTargets.cmake"
but not all the files it references.

-- The imported target "vtk" references the file
   "/usr/bin/vtk"
but this file does not exist.  Possible reasons include:
* The file was deleted, renamed, or moved to another location.
* An install or uninstall procedure did not complete successfully.
* The installation package was faulty and contained
   "/usr/lib/cmake/vtk-6.3/VTKTargets.cmake"
but not all the files it references.

** WARNING ** io features related to libusb-1.0 will be disabled
-- Could NOT find ensenso (missing: ENSENSO_LIBRARY ENSENSO_INCLUDE_DIR) 
** WARNING ** visualization features related to ensenso will be disabled
-- Could NOT find DAVIDSDK (missing: DAVIDSDK_LIBRARY DAVIDSDK_INCLUDE_DIR) 
** WARNING ** visualization features related to davidSDK will be disabled
-- Could NOT find DSSDK (missing: _DSSDK_LIBRARIES) 
** WARNING ** visualization features related to dssdk will be disabled
-- Could NOT find RSSDK (missing: _RSSDK_LIBRARIES) 
** WARNING ** visualization features related to rssdk will be disabled
-- looking for PCL_COMMON
-- looking for PCL_OCTREE
-- looking for PCL_IO
-- looking for PCL_KDTREE
-- looking for PCL_SEARCH
-- looking for PCL_SAMPLE_CONSENSUS
-- looking for PCL_FILTERS
-- looking for PCL_2D
-- looking for PCL_GEOMETRY
-- looking for PCL_FEATURES
-- looking for PCL_ML
-- looking for PCL_SEGMENTATION
-- looking for PCL_VISUALIZATION
-- looking for PCL_SURFACE
-- looking for PCL_REGISTRATION
-- looking for PCL_KEYPOINTS
-- looking for PCL_TRACKING
-- looking for PCL_RECOGNITION
-- looking for PCL_STEREO
-- looking for PCL_APPS
-- looking for PCL_IN_HAND_SCANNER
-- looking for PCL_MODELER
-- looking for PCL_POINT_CLOUD_EDITOR
-- looking for PCL_OUTOFCORE
-- looking for PCL_PEOPLE
-- +++ processing catkin package: 'maps'
-- ==> add_subdirectory(maps)
-- Using these message generators: gencpp;geneus;genlisp;gennodejs;genpy
-- +++ processing catkin package: 'jet_main'
-- ==> add_subdirectory(jet_main)
-- +++ processing catkin package: 'jet_nav'
-- ==> add_subdirectory(jet_nav)
-- Using these message generators: gencpp;geneus;genlisp;gennodejs;genpy
-- +++ processing catkin package: 'jet_algo'
-- ==> add_subdirectory(jet_algos)
-- Using these message generators: gencpp;geneus;genlisp;gennodejs;genpy
-- Could NOT find serial (missing: serial_DIR)
-- Could not find the required component 'serial'. The following CMake error indicates that you either need to install the package with the same name or change your environment so that it can be found.
CMake Error at /opt/ros/melodic/share/catkin/cmake/catkinConfig.cmake:83 (find_package):
  Could not find a package configuration file provided by "serial" with any
  of the following names:

    serialConfig.cmake
    serial-config.cmake

  Add the installation prefix of "serial" to CMAKE_PREFIX_PATH or set
  "serial_DIR" to a directory containing one of the above files.  If "serial"
  provides a separate development package or SDK, be sure it has been
  installed.
Call Stack (most recent call first):
  jet_algos/CMakeLists.txt:10 (find_package)


-- Configuring incomplete, errors occurred!
See also "/home/jetchair/Desktop/be/build/CMakeFiles/CMakeOutput.log".
See also "/home/jetchair/Desktop/be/build/CMakeFiles/CMakeError.log".
Base path: /home/jetchair/Desktop/be
Source space: /home/jetchair/Desktop/be/src
Build space: /home/jetchair/Desktop/be/build
Devel space: /home/jetchair/Desktop/be/devel
Install space: /home/jetchair/Desktop/be/install
####
#### Running command: "cmake /home/jetchair/Desktop/be/src -DCATKIN_DEVEL_PREFIX=/home/jetchair/Desktop/be/devel -DCMAKE_INSTALL_PREFIX=/home/jetchair/Desktop/be/install -G Unix Makefiles" in "/home/jetchair/Desktop/be/build"
####
Invoking "cmake" failed
